[INFO] Scanning for projects...
[INFO] 
[INFO] ------------------------< com.pd:vantage-admin >------------------------
[INFO] Building vantage-admin 0.0.1-SNAPSHOT
[INFO]   from pom.xml
[INFO] --------------------------------[ jar ]---------------------------------
[INFO] 
[INFO] >>> spring-boot:4.0.3:run (default-cli) > test-compile @ vantage-admin >>>
[INFO] 
[INFO] --- frontend:1.15.0:install-node-and-npm (install node and npm) @ vantage-admin ---
[INFO] Node v20.11.1 is already installed.
[INFO] 
[INFO] --- frontend:1.15.0:npm (npm install) @ vantage-admin ---
[INFO] Running 'npm install' in D:\Projects\vantage-master\vantage-admin\vantage-ui
[INFO] npm WARN EBADENGINE Unsupported engine {
[INFO] npm WARN EBADENGINE   package: '@vitejs/plugin-react@5.1.4',
[INFO] npm WARN EBADENGINE   required: { node: '^20.19.0 || >=22.12.0' },
[INFO] npm WARN EBADENGINE   current: { node: 'v20.11.1', npm: '10.2.4' }
[INFO] npm WARN EBADENGINE }
[INFO] npm WARN EBADENGINE Unsupported engine {
[INFO] npm WARN EBADENGINE   package: 'vite@7.3.1',
[INFO] npm WARN EBADENGINE   required: { node: '^20.19.0 || >=22.12.0' },
[INFO] npm WARN EBADENGINE   current: { node: 'v20.11.1', npm: '10.2.4' }
[INFO] npm WARN EBADENGINE }
[INFO] 
[INFO] up to date, audited 163 packages in 1s
[INFO] 
[INFO] 34 packages are looking for funding
[INFO]   run `npm fund` for details
[INFO] 
[INFO] 1 high severity vulnerability
[INFO] 
[INFO] To address all issues, run:
[INFO]   npm audit fix
[INFO] 
[INFO] Run `npm audit` for details.
[INFO] 
[INFO] --- frontend:1.15.0:npm (npm run build) @ vantage-admin ---
[INFO] Running 'npm run build' in D:\Projects\vantage-master\vantage-admin\vantage-ui
[INFO] 
[INFO] > vantage-ui@0.0.0 build
[INFO] > vite build
[INFO] 
[INFO] You are using Node.js 20.11.1. Vite requires Node.js version 20.19+ or 22.12+. Please upgrade your Node.js version.
[INFO] vite v7.3.1 building client environment for production...
[INFO] transforming...
[INFO] ? 1760 modules transformed.
[INFO] rendering chunks...
[INFO] computing gzip size...
[INFO] ../src/main/resources/static/index.html                   0.46 kB ? gzip:  0.29 kB
[INFO] ../src/main/resources/static/assets/index-DEC0eTA1.css   17.80 kB ? gzip:  3.68 kB
[INFO] ../src/main/resources/static/assets/index-BTWINMhZ.js   372.73 kB ? gzip: 99.25 kB
[INFO] ? built in 3.23s
[INFO] 
[INFO] --- resources:3.3.1:resources (default-resources) @ vantage-admin ---
[INFO] Copying 1 resource from src\main\resources to target\classes
[INFO] Copying 7 resources from src\main\resources to target\classes
[INFO] 
[INFO] --- compiler:3.14.1:compile (default-compile) @ vantage-admin ---
[INFO] Recompiling the module because of changed source code.
[INFO] Compiling 3 source files with javac [debug parameters release 17] to target\classes
[INFO] 
[INFO] --- resources:3.3.1:testResources (default-testResources) @ vantage-admin ---
[INFO] skip non existing resourceDirectory D:\Projects\vantage-master\vantage-admin\src\test\resources
[INFO] 
[INFO] --- compiler:3.14.1:testCompile (default-testCompile) @ vantage-admin ---
[INFO] Recompiling the module because of changed dependency.
[INFO] Compiling 2 source files with javac [debug parameters release 17] to target\test-classes
[INFO] 
[INFO] <<< spring-boot:4.0.3:run (default-cli) < test-compile @ vantage-admin <<<
[INFO] 
[INFO] 
[INFO] --- spring-boot:4.0.3:run (default-cli) @ vantage-admin ---
[INFO] Attaching agents: []
08:15:38,536 |-WARN in ch.qos.logback.core.model.processor.AppenderModelHandler - Appender named [ASYNC_CONSOLE] not referenced. Skipping further processing.
08:15:38,552 |-WARN in ch.qos.logback.core.rolling.SizeAndTimeBasedFNATP@2e11485 - SizeAndTimeBasedFNATP class was renamed as SizeAndTimeBasedFileNamingAndTriggeringPolicy.
08:15:38,573 |-WARN in ch.qos.logback.core.rolling.SizeAndTimeBasedFNATP@2e11485 - Direct use of either SizeAndTimeBasedFNATP or SizeAndTimeBasedFileNamingAndTriggeringPolicy 
08:15:38,573 |-WARN in ch.qos.logback.core.rolling.SizeAndTimeBasedFNATP@2e11485 - is deprecated. Please use SizeAndTimeBasedRollingPolicy instead.
08:15:38,573 |-WARN in ch.qos.logback.core.rolling.SizeAndTimeBasedFNATP@2e11485 - For more information see https://logback.qos.ch/manual/appenders.html#SizeAndTimeBasedRollingPolicy
08:15:38,578 |-WARN in ch.qos.logback.core.model.processor.AppenderModelHandler - Appender named [JSON_CONSOLE] not referenced. Skipping further processing.
08:15:38,579 |-WARN in ch.qos.logback.core.model.processor.AppenderModelHandler - Appender named [ASYNC_FILE] not referenced. Skipping further processing.

  .   ____          _            __ _ _
 /\\ / ___'_ __ _ _(_)_ __  __ _ \ \ \ \
( ( )\___ | '_ | '_| | '_ \/ _` | \ \ \ \
 \\/  ___)| |_)| | | | | || (_| |  ) ) ) )
  '  |____| .__|_| |_|_| |_\__, | / / / /
 =========|_|==============|___/=/_/_/_/

 :: Spring Boot ::                (v4.0.3)

2026-03-17 08:15:38.650 [main] [,] INFO  com.pd.VantageAdminApplication - Starting VantageAdminApplication using Java 25.0.1 with PID 11132 (D:\Projects\vantage-master\vantage-admin\target\classes started by Admin in D:\Projects\vantage-master\vantage-admin)
2026-03-17 08:15:38.652 [main] [,] DEBUG com.pd.VantageAdminApplication - Running with Spring Boot v4.0.3, Spring v7.0.5
2026-03-17 08:15:38.652 [main] [,] INFO  com.pd.VantageAdminApplication - No active profile set, falling back to 1 default profile: "default"
2026-03-17 08:15:39.250 [main] [,] INFO  o.s.d.r.c.RepositoryConfigurationDelegate - Bootstrapping Spring Data JPA repositories in DEFAULT mode.
2026-03-17 08:15:39.265 [main] [,] INFO  o.s.d.r.c.RepositoryConfigurationDelegate - Finished Spring Data repository scanning in 7 ms. Found 0 JPA repository interfaces.
2026-03-17 08:15:40.103 [main] [,] INFO  o.s.boot.tomcat.TomcatWebServer - Tomcat initialized with port 8081 (http)
2026-03-17 08:15:40.113 [main] [,] INFO  o.a.catalina.core.StandardService - Starting service [Tomcat]
2026-03-17 08:15:40.113 [main] [,] INFO  o.a.catalina.core.StandardEngine - Starting Servlet engine: [Apache Tomcat/11.0.18]
2026-03-17 08:15:40.181 [main] [,] INFO  o.s.b.w.c.s.WebApplicationContextInitializer - Root WebApplicationContext: initialization completed in 1480 ms
2026-03-17 08:15:40.232 [main] [,] DEBUG i.m.c.u.i.l.InternalLoggerFactory - Using SLF4J as the default logging framework
2026-03-17 08:15:40.401 [main] [,] INFO  com.zaxxer.hikari.HikariDataSource - HikariPool-1 - Starting...
2026-03-17 08:15:40.705 [main] [,] INFO  com.zaxxer.hikari.pool.HikariPool - HikariPool-1 - Added connection conn1: url=jdbc:h2:file:./data/vantage user=SA
2026-03-17 08:15:40.706 [main] [,] INFO  com.zaxxer.hikari.HikariDataSource - HikariPool-1 - Start completed.
2026-03-17 08:15:40.766 [main] [,] WARN  o.s.b.w.s.s.c.AnnotationConfigServletWebServerApplicationContext - Exception encountered during context initialization - cancelling refresh attempt: org.springframework.beans.factory.BeanCreationException: Error creating bean with name 'entityManagerFactory' defined in class path resource [org/springframework/boot/hibernate/autoconfigure/HibernateJpaConfiguration.class]: Failed to initialize dependency 'dataSourceScriptDatabaseInitializer' of LoadTimeWeaverAware bean 'entityManagerFactory': Error creating bean with name 'dataSourceScriptDatabaseInitializer' defined in class path resource [org/springframework/boot/jdbc/autoconfigure/DataSourceInitializationAutoConfiguration.class]: Failed to execute SQL script statement #65 of class path resource [schema.sql]: create table ai_knowledge ( knowledge_id bigint not null, title varchar(200) not null, content clob not null, category varchar(50) default '', keywords varchar(500) default '', status varchar(1) default '1', create_by varchar(64) default '', create_time timestamp default current_timestamp, update_by varchar(64) default '', update_time timestamp null, remark varchar(500) default null, primary key (knowledge_id) )
2026-03-17 08:15:40.766 [main] [,] INFO  com.zaxxer.hikari.HikariDataSource - HikariPool-1 - Shutdown initiated...
2026-03-17 08:15:40.975 [main] [,] INFO  com.zaxxer.hikari.HikariDataSource - HikariPool-1 - Shutdown completed.
2026-03-17 08:15:40.978 [main] [,] INFO  o.a.catalina.core.StandardService - Stopping service [Tomcat]
2026-03-17 08:15:40.986 [main] [,] INFO  o.s.b.a.l.ConditionEvaluationReportLogger - 

Error starting ApplicationContext. To display the condition evaluation report re-run your application with 'debug' enabled.
2026-03-17 08:15:40.997 [main] [,] ERROR o.s.boot.SpringApplication - Application run failed
org.springframework.beans.factory.BeanCreationException: Error creating bean with name 'entityManagerFactory' defined in class path resource [org/springframework/boot/hibernate/autoconfigure/HibernateJpaConfiguration.class]: Failed to initialize dependency 'dataSourceScriptDatabaseInitializer' of LoadTimeWeaverAware bean 'entityManagerFactory': Error creating bean with name 'dataSourceScriptDatabaseInitializer' defined in class path resource [org/springframework/boot/jdbc/autoconfigure/DataSourceInitializationAutoConfiguration.class]: Failed to execute SQL script statement #65 of class path resource [schema.sql]: create table ai_knowledge ( knowledge_id bigint not null, title varchar(200) not null, content clob not null, category varchar(50) default '', keywords varchar(500) default '', status varchar(1) default '1', create_by varchar(64) default '', create_time timestamp default current_timestamp, update_by varchar(64) default '', update_time timestamp null, remark varchar(500) default null, primary key (knowledge_id) )
	at org.springframework.beans.factory.support.AbstractBeanFactory.doGetBean(AbstractBeanFactory.java:322)
	at org.springframework.beans.factory.support.AbstractBeanFactory.getBean(AbstractBeanFactory.java:201)
	at org.springframework.context.support.AbstractApplicationContext.finishBeanFactoryInitialization(AbstractApplicationContext.java:977)
	at org.springframework.context.support.AbstractApplicationContext.refresh(AbstractApplicationContext.java:621)
	at org.springframework.boot.web.server.servlet.context.ServletWebServerApplicationContext.refresh(ServletWebServerApplicationContext.java:143)
	at org.springframework.boot.SpringApplication.refresh(SpringApplication.java:756)
	at org.springframework.boot.SpringApplication.refreshContext(SpringApplication.java:445)
	at org.springframework.boot.SpringApplication.run(SpringApplication.java:321)
	at org.springframework.boot.SpringApplication.run(SpringApplication.java:1365)
	at org.springframework.boot.SpringApplication.run(SpringApplication.java:1354)
	at com.pd.VantageAdminApplication.main(VantageAdminApplication.java:21)
Caused by: org.springframework.beans.factory.BeanCreationException: Error creating bean with name 'dataSourceScriptDatabaseInitializer' defined in class path resource [org/springframework/boot/jdbc/autoconfigure/DataSourceInitializationAutoConfiguration.class]: Failed to execute SQL script statement #65 of class path resource [schema.sql]: create table ai_knowledge ( knowledge_id bigint not null, title varchar(200) not null, content clob not null, category varchar(50) default '', keywords varchar(500) default '', status varchar(1) default '1', create_by varchar(64) default '', create_time timestamp default current_timestamp, update_by varchar(64) default '', update_time timestamp null, remark varchar(500) default null, primary key (knowledge_id) )
	at org.springframework.beans.factory.support.AbstractAutowireCapableBeanFactory.initializeBean(AbstractAutowireCapableBeanFactory.java:1817)
	at org.springframework.beans.factory.support.AbstractAutowireCapableBeanFactory.doCreateBean(AbstractAutowireCapableBeanFactory.java:603)
	at org.springframework.beans.factory.support.AbstractAutowireCapableBeanFactory.createBean(AbstractAutowireCapableBeanFactory.java:525)
	at org.springframework.beans.factory.support.AbstractBeanFactory.lambda$doGetBean$0(AbstractBeanFactory.java:333)
	at org.springframework.beans.factory.support.DefaultSingletonBeanRegistry.getSingleton(DefaultSingletonBeanRegistry.java:371)
	at org.springframework.beans.factory.support.AbstractBeanFactory.doGetBean(AbstractBeanFactory.java:331)
	at org.springframework.beans.factory.support.AbstractBeanFactory.getBean(AbstractBeanFactory.java:196)
	at org.springframework.beans.factory.support.AbstractBeanFactory.doGetBean(AbstractBeanFactory.java:309)
	... 10 common frames omitted
Caused by: org.springframework.jdbc.datasource.init.ScriptStatementFailedException: Failed to execute SQL script statement #65 of class path resource [schema.sql]: create table ai_knowledge ( knowledge_id bigint not null, title varchar(200) not null, content clob not null, category varchar(50) default '', keywords varchar(500) default '', status varchar(1) default '1', create_by varchar(64) default '', create_time timestamp default current_timestamp, update_by varchar(64) default '', update_time timestamp null, remark varchar(500) default null, primary key (knowledge_id) )
	at org.springframework.jdbc.datasource.init.ScriptUtils.executeSqlScript(ScriptUtils.java:293)
	at org.springframework.jdbc.datasource.init.ResourceDatabasePopulator.populate(ResourceDatabasePopulator.java:254)
	at org.springframework.jdbc.datasource.init.DatabasePopulatorUtils.execute(DatabasePopulatorUtils.java:54)
	at org.springframework.boot.jdbc.init.DataSourceScriptDatabaseInitializer.runScripts(DataSourceScriptDatabaseInitializer.java:87)
	at org.springframework.boot.sql.init.AbstractScriptDatabaseInitializer.runScripts(AbstractScriptDatabaseInitializer.java:159)
	at org.springframework.boot.sql.init.AbstractScriptDatabaseInitializer.applyScripts(AbstractScriptDatabaseInitializer.java:120)
	at org.springframework.boot.sql.init.AbstractScriptDatabaseInitializer.applySchemaScripts(AbstractScriptDatabaseInitializer.java:109)
	at org.springframework.boot.sql.init.AbstractScriptDatabaseInitializer.initializeDatabase(AbstractScriptDatabaseInitializer.java:87)
	at org.springframework.boot.sql.init.AbstractScriptDatabaseInitializer.afterPropertiesSet(AbstractScriptDatabaseInitializer.java:77)
	at org.springframework.beans.factory.support.AbstractAutowireCapableBeanFactory.invokeInitMethods(AbstractAutowireCapableBeanFactory.java:1864)
	at org.springframework.beans.factory.support.AbstractAutowireCapableBeanFactory.initializeBean(AbstractAutowireCapableBeanFactory.java:1813)
	... 17 common frames omitted
Caused by: org.h2.jdbc.JdbcSQLSyntaxErrorException: Table "AI_KNOWLEDGE" already exists; SQL statement:
create table ai_knowledge ( knowledge_id bigint not null, title varchar(200) not null, content clob not null, category varchar(50) default '', keywords varchar(500) default '', status varchar(1) default '1', create_by varchar(64) default '', create_time timestamp default current_timestamp, update_by varchar(64) default '', update_time timestamp null, remark varchar(500) default null, primary key (knowledge_id) ) [42101-224]
	at org.h2.message.DbException.getJdbcSQLException(DbException.java:514)
	at org.h2.message.DbException.getJdbcSQLException(DbException.java:489)
	at org.h2.message.DbException.get(DbException.java:223)
	at org.h2.message.DbException.get(DbException.java:199)
	at org.h2.command.ddl.CreateTable.update(CreateTable.java:91)
	at org.h2.command.CommandContainer.update(CommandContainer.java:169)
	at org.h2.command.Command.executeUpdate(Command.java:256)
	at org.h2.jdbc.JdbcStatement.executeInternal(JdbcStatement.java:262)
	at org.h2.jdbc.JdbcStatement.execute(JdbcStatement.java:231)
	at com.zaxxer.hikari.pool.ProxyStatement.execute(ProxyStatement.java:95)
	at com.zaxxer.hikari.pool.HikariProxyStatement.execute(HikariProxyStatement.java)
	at org.springframework.jdbc.datasource.init.ScriptUtils.executeSqlScript(ScriptUtils.java:261)
	... 27 common frames omitted
[INFO] ------------------------------------------------------------------------
[INFO] BUILD FAILURE
[INFO] ------------------------------------------------------------------------
[INFO] Total time:  12.630 s
[INFO] Finished at: 2026-03-17T08:15:41+02:00
[INFO] ------------------------------------------------------------------------
[ERROR] Failed to execute goal org.springframework.boot:spring-boot-maven-plugin:4.0.3:run (default-cli) on project vantage-admin: Process terminated with exit code: 1 -> [Help 1]
[ERROR] 
[ERROR] To see the full stack trace of the errors, re-run Maven with the -e switch.
[ERROR] Re-run Maven using the -X switch to enable full debug logging.
[ERROR] 
[ERROR] For more information about the errors and possible solutions, please read the following articles:
[ERROR] [Help 1] http://cwiki.apache.org/confluence/display/MAVEN/MojoExecutionException
